2025-06-17T11:25:24.697+08:00  INFO 2972 --- [springboot-mvc] [main] c.example.demo.SpringbootMvcApplication  : Starting SpringbootMvcApplication using Java 21.0.6 with PID 2972 (E:\ecl\eclwork\springboot-mvc\target\classes started by NTPU in E:\ecl\eclwork\springboot-mvc)
2025-06-17T11:25:24.700+08:00  INFO 2972 --- [springboot-mvc] [main] c.example.demo.SpringbootMvcApplication  : No active profile set, falling back to 1 default profile: "default"
2025-06-17T11:25:24.996+08:00  INFO 2972 --- [springboot-mvc] [main] .s.d.r.c.RepositoryConfigurationDelegate : Bootstrapping Spring Data JDBC repositories in DEFAULT mode.
2025-06-17T11:25:25.007+08:00  INFO 2972 --- [springboot-mvc] [main] .s.d.r.c.RepositoryConfigurationDelegate : Finished Spring Data repository scanning in 8 ms. Found 0 JDBC repository interfaces.
2025-06-17T11:25:25.272+08:00  INFO 2972 --- [springboot-mvc] [main] o.s.b.w.embedded.tomcat.TomcatWebServer  : Tomcat initialized with port 8444 (https)
2025-06-17T11:25:25.281+08:00  INFO 2972 --- [springboot-mvc] [main] o.apache.catalina.core.StandardService   : Starting service [Tomcat]
2025-06-17T11:25:25.281+08:00  INFO 2972 --- [springboot-mvc] [main] o.apache.catalina.core.StandardEngine    : Starting Servlet engine: [Apache Tomcat/10.1.40]
2025-06-17T11:25:25.395+08:00  INFO 2972 --- [springboot-mvc] [main] org.apache.jasper.servlet.TldScanner     : At least one JAR was scanned for TLDs yet contained no TLDs. Enable debug logging for this logger for a complete list of JARs that were scanned but no TLDs were found in them. Skipping unneeded JARs during scanning can improve startup time and JSP compilation time.
2025-06-17T11:25:25.399+08:00  INFO 2972 --- [springboot-mvc] [main] o.a.c.c.C.[Tomcat].[localhost].[/]       : Initializing Spring embedded WebApplicationContext
2025-06-17T11:25:25.399+08:00  INFO 2972 --- [springboot-mvc] [main] w.s.c.ServletWebServerApplicationContext : Root WebApplicationContext: initialization completed in 677 ms
2025-06-17T11:25:25.529+08:00  INFO 2972 --- [springboot-mvc] [main] o.s.b.a.w.s.WelcomePageHandlerMapping    : Adding welcome page: class path resource [static/index.html]
2025-06-17T11:25:25.674+08:00  INFO 2972 --- [springboot-mvc] [main] com.zaxxer.hikari.HikariDataSource       : HikariPool-1 - Starting...
2025-06-17T11:25:25.769+08:00  INFO 2972 --- [springboot-mvc] [main] com.zaxxer.hikari.pool.HikariPool        : HikariPool-1 - Added connection com.mysql.cj.jdbc.ConnectionImpl@8f2e3e6
2025-06-17T11:25:25.770+08:00  INFO 2972 --- [springboot-mvc] [main] com.zaxxer.hikari.HikariDataSource       : HikariPool-1 - Start completed.
2025-06-17T11:25:25.971+08:00  INFO 2972 --- [springboot-mvc] [main] o.a.t.util.net.NioEndpoint.certificate   : Connector [https-jsse-nio-8444], TLS virtual host [_default_], certificate type [UNDEFINED] configured from keystore [C:\Users\NTPU\.keystore] using alias [tomcat] with trust store [null]
2025-06-17T11:25:25.984+08:00  INFO 2972 --- [springboot-mvc] [main] o.s.b.w.embedded.tomcat.TomcatWebServer  : Tomcat started on port 8444 (https) with context path '/'
2025-06-17T11:25:25.988+08:00  INFO 2972 --- [springboot-mvc] [main] c.example.demo.SpringbootMvcApplication  : Started SpringbootMvcApplication in 1.5 seconds (process running for 1.798)
2025-06-17T11:26:37.741+08:00  INFO 2972 --- [springboot-mvc] [https-jsse-nio-8444-exec-5] o.a.c.c.C.[Tomcat].[localhost].[/]       : Initializing Spring DispatcherServlet 'dispatcherServlet'
2025-06-17T11:26:37.741+08:00  INFO 2972 --- [springboot-mvc] [https-jsse-nio-8444-exec-5] o.s.web.servlet.DispatcherServlet        : Initializing Servlet 'dispatcherServlet'
2025-06-17T11:26:37.742+08:00  INFO 2972 --- [springboot-mvc] [https-jsse-nio-8444-exec-5] o.s.web.servlet.DispatcherServlet        : Completed initialization in 1 ms
2025-06-17T11:27:01.255+08:00  INFO 2972 --- [springboot-mvc] [RMI TCP Connection(11)-127.0.0.1] inMXBeanRegistrar$SpringApplicationAdmin : Application shutdown requested.
2025-06-17T11:27:01.257+08:00  INFO 2972 --- [springboot-mvc] [RMI TCP Connection(11)-127.0.0.1] o.s.b.w.e.tomcat.GracefulShutdown        : Commencing graceful shutdown. Waiting for active requests to complete
2025-06-17T11:27:01.259+08:00  INFO 2972 --- [springboot-mvc] [tomcat-shutdown] o.s.b.w.e.tomcat.GracefulShutdown        : Graceful shutdown complete
2025-06-17T11:27:01.261+08:00  INFO 2972 --- [springboot-mvc] [RMI TCP Connection(11)-127.0.0.1] com.zaxxer.hikari.HikariDataSource       : HikariPool-1 - Shutdown initiated...
2025-06-17T11:27:01.264+08:00  INFO 2972 --- [springboot-mvc] [RMI TCP Connection(11)-127.0.0.1] com.zaxxer.hikari.HikariDataSource       : HikariPool-1 - Shutdown completed.
